// Jest Snapshot v1, https://goo.gl/fbAQLP

exports[`Button renders correctly 1`] = `
<button
  className="btn btn--primary"
  disabled={false}
  id="default"
  onClick={null}
  type="button"
>
  Default
</button>
`;
