// Jest Snapshot v1, https://goo.gl/fbAQLP

exports[`FilmsGalleryCard renders correctly 1`] = `
<div
  className="film-gallery-card"
>
  <img
    alt="Zootopia"
    className="film-gallery-card__image"
    src="https://image.tmdb.org/t/p/w500/sM33SANp9z6rXW8Itn7NnG1GOEs.jpg"
  />
  <div
    className="clearfix"
  >
    <span
      className="film-gallery-card__name"
    >
      Zootopia
    </span>
    <span
      className="film-gallery-card__year"
    >
      2016-02-11
    </span>
  </div>
  <small
    className="film-gallery-card__genre"
  >
    Animation 
    Adventure 
    Family 
    Comedy 
  </small>
</div>
`;
