// Jest Snapshot v1, https://goo.gl/fbAQLP

exports[`Logo renders correctly 1`] = `
<h1
  className="logo"
>
  <a
    className="logo__link"
    href="http:/google.com"
  >
    Movie Finder
  </a>
</h1>
`;
