// Jest Snapshot v1, https://goo.gl/fbAQLP

exports[`renders correctly 1`] = `""`;

exports[`renders correctly Error 1`] = `
<div>
  Все поломалось! Но мы починим! Но это не точно!
</div>
`;
